{
  "version": "1.0.0",
  "plugins_used": [
    {"name": "Base64HighEntropyString"},
    {"name": "HexHighEntropyString"},
    {"name": "PrivateKeyDetector"},
    {"name": "KeywordDetector"}
  ],
  "filters_used": [
    {"path": "detect_secrets.filters.allowlist.is_line_allowlisted"},
    {"path": "detect_secrets.filters.heuristic.is_valid_uuid"}
  ],
  "results": {},
  "generated_at": "2025-01-01T00:00:00Z"
}

